// Jest Snapshot v1, https://goo.gl/fbAQLP

exports[`Login page should match snapshot 1`] = `
<div>
  <div
    class="App"
  >
    <div
      class="h-100 container"
    >
      <div
        class="h-100 row"
      >
        <div
          class="my-auto col"
        >
          <div
            class="mx-auto card"
            style="width: 30rem;"
          >
            <div
              class="card-header"
            >
              <h2>
                Sign In
              </h2>
            </div>
            <div
              class="card-body"
            >
              <form
                action="/action_page.php"
                class="container"
                id="formLogin"
                style="width: 25rem;"
              >
                <div
                  class="row"
                >
                  <div
                    class="col"
                  >
                    <div
                      class="mb-3 text-start"
                    >
                      <label
                        class="ms-0 form-label"
                        for="inputLoginInfo"
                      >
                        Username
                      </label>
                      <input
                        class="form-control"
                        id="inputLoginInfo"
                        placeholder="Enter username here"
                        type="text"
                      />
                    </div>
                  </div>
                </div>
                <div
                  class="row"
                >
                  <div
                    class="col"
                  >
                    <div
                      class="mb-3 text-start"
                    >
                      <label
                        class="form-label"
                        for="inputLoginPassword"
                      >
                        Password
                      </label>
                      <input
                        class="form-control"
                        id="inputLoginPassword"
                        placeholder="Password"
                        type="password"
                      />
                    </div>
                  </div>
                </div>
                <div
                  class="row"
                  style="margin-top: 1rem;"
                >
                  <div
                    class="col"
                  >
                    <button
                      class="btn btn-primary"
                      form="formLogin"
                      type="submit"
                    >
                      Login
                    </button>
                  </div>
                </div>
              </form>
            </div>
            <div
              class="container card-footer"
            >
              <div
                class="text-center row"
              >
                <div
                  class="col"
                >
                  <a
                    class="card-link"
                    href="/register"
                  >
                    Create an account
                  </a>
                </div>
                <div
                  class="col"
                >
                  <a
                    class="card-link"
                    href="/"
                  >
                    Back to Home Page
                  </a>
                </div>
              </div>
            </div>
          </div>
        </div>
      </div>
    </div>
  </div>
</div>
`;
